[line 6]: Error: Expected 2 arguments, but received 4.