[line 3]: Error: Expected 2 arguments, but received 1.