[line 257]: Cannot have more than 255 parameters.
