[line 6]: Error at 'bar': Object is not a callable.
