[line 3]: Error: Cannot access 'bar' on non-instance value 'foo'.
