[line 2]: Error: Cannot access 'bar' on non-instance value 'Foo'.