[line 1]: Error: Cannot access 'foo' on non-instance value 'true'.