[line 1]: Error: Operand(s) must be numbers or strings.
