[line 3]: Error at '{': Expected expression.
[line 3]: Error at ')': Expected Semicolon.
