[line 1]: Error: Cannot return from top level code.