[line 1]: Error: Cannot use 'this' outside of class methods.