[line 2]: Error: Cannot use 'this' outside of class methods.
