[line 2]: Error at 'Foo': A class cannot inherit from itself.