[line 3]: Error: Expected 0 arguments, but received 3.
