[line 5]: Error: Expected 2 arguments, but received 1.
