[line 3]: Error at 'return': Cannot return value from class constructor method.