[line 2]: Error: 'a' is already declared in this scope.
