[line 2]: Error: 'arg' is already declared in this scope.
