[line 3]: Error: 'a' is already declared in this scope.