[line 3]: Error: Cannot use variable in its own initializer.