[line 8]: Error: Expected 2 arguments, but received 4.