[line 259]: Cannot have more than 255 arguments.
[line 261]: Error at '}': Expected expression.
