[line 2]: Error: Too much code to jump over (163343 bytes).
