[line 1]: Error at 'true': Object is not a callable.