[line 1]: Error at 'nil': Object is not a callable.