[line 1]: Error at '123': Object is not a callable.