[line 1]: Error at 'str': Object is not a callable.