[line 2] Error: 'Foo' attempting to inherit from non-class value '123'.