[line 3] Error: 'Subclass' attempting to inherit from non-class value 'foo'.
