[line 3]: Error at 'super': Class does not inherit from a parent.
