[line 1]: Error: Cannot use 'super' outside of a class.
